============================================================
Inicio: 05/09/2026  7:00:05.95
Repositorio: C:\Users\Lenovo\Downloads\reporteD\dashboardGit
Modo: Publicacion de PDF ya generados
============================================================
[05/09/2026  7:00:06.15] Actualizando rama main...
From https://github.com/distribucionesviraal-star/reportesMarcadorVL
 * branch            main       -> FETCH_HEAD
Already up to date.
[05/09/2026  7:00:10.49] PDF totales disponibles: 56
[05/09/2026  7:00:10.99] Preparando cambios Git...
warning: in the working copy of 'reportesDiariosVL/Resumen_20260904.pdf', LF will be replaced by CRLF the next time Git touches it
warning: in the working copy of 'reportesDiariosVL/Resumen_Call_20260904.pdf', LF will be replaced by CRLF the next time Git touches it
warning: in the working copy of 'reportesDiariosVL/Resumen_Dalila_20260904.pdf', LF will be replaced by CRLF the next time Git touches it
warning: in the working copy of 'reportesDiariosVL/Resumen_Elite_20260904.pdf', LF will be replaced by CRLF the next time Git touches it
warning: in the working copy of 'reportesDiariosVL/Resumen_Manuel_20260904.pdf', LF will be replaced by CRLF the next time Git touches it
warning: in the working copy of 'reportesDiariosVL/Resumen_Monterrey_20260904.pdf', LF will be replaced by CRLF the next time Git touches it
[05/09/2026  7:00:12.40] Archivos pendientes detectados:
reportesDiariosVL/Resumen_20260904.pdf
reportesDiariosVL/Resumen_Call_20260904.pdf
reportesDiariosVL/Resumen_Dalila_20260904.pdf
reportesDiariosVL/Resumen_Elite_20260904.pdf
reportesDiariosVL/Resumen_Manuel_20260904.pdf
reportesDiariosVL/Resumen_Monterrey_20260904.pdf
[main f8dc6e5] Publicacion de reportes pendientes hasta 20260905
 6 files changed, 1167 insertions(+)
 create mode 100644 reportesDiariosVL/Resumen_20260904.pdf
 create mode 100644 reportesDiariosVL/Resumen_Call_20260904.pdf
 create mode 100644 reportesDiariosVL/Resumen_Dalila_20260904.pdf
 create mode 100644 reportesDiariosVL/Resumen_Elite_20260904.pdf
 create mode 100644 reportesDiariosVL/Resumen_Manuel_20260904.pdf
 create mode 100644 reportesDiariosVL/Resumen_Monterrey_20260904.pdf
To https://github.com/distribucionesviraal-star/reportesMarcadorVL.git
   00a45bd..f8dc6e5  main -> main
[05/09/2026  7:00:15.75] EXITO: Reportes publicados en GitHub.
