============================================================
Inicio: 01/09/2026  7:00:06.26
Repositorio: C:\Users\Lenovo\Downloads\reporteD\dashboardGit
Modo: Publicacion de PDF ya generados
============================================================
[01/09/2026  7:00:06.46] Actualizando rama main...
From https://github.com/distribucionesviraal-star/reportesMarcadorVL
 * branch            main       -> FETCH_HEAD
Already up to date.
[01/09/2026  7:00:10.72] PDF totales disponibles: 33
[01/09/2026  7:00:11.34] Preparando cambios Git...
warning: in the working copy of 'reportesDiariosVL/Resumen_20260831.pdf', LF will be replaced by CRLF the next time Git touches it
warning: in the working copy of 'reportesDiariosVL/Resumen_Call_20260831.pdf', LF will be replaced by CRLF the next time Git touches it
warning: in the working copy of 'reportesDiariosVL/Resumen_Dalila_20260831.pdf', LF will be replaced by CRLF the next time Git touches it
warning: in the working copy of 'reportesDiariosVL/Resumen_Elite_20260831.pdf', LF will be replaced by CRLF the next time Git touches it
warning: in the working copy of 'reportesDiariosVL/Resumen_Monterrey_20260831.pdf', LF will be replaced by CRLF the next time Git touches it
warning: in the working copy of 'reportesDiariosVL/Resumen_Salvador_20260831.pdf', LF will be replaced by CRLF the next time Git touches it
[01/09/2026  7:00:12.78] Archivos pendientes detectados:
reportesDiariosVL/Resumen_20260831.pdf
reportesDiariosVL/Resumen_Call_20260831.pdf
reportesDiariosVL/Resumen_Dalila_20260831.pdf
reportesDiariosVL/Resumen_Elite_20260831.pdf
reportesDiariosVL/Resumen_Monterrey_20260831.pdf
reportesDiariosVL/Resumen_Salvador_20260831.pdf
[main c098345] Publicacion de reportes pendientes hasta 20260901
 6 files changed, 1015 insertions(+)
 create mode 100644 reportesDiariosVL/Resumen_20260831.pdf
 create mode 100644 reportesDiariosVL/Resumen_Call_20260831.pdf
 create mode 100644 reportesDiariosVL/Resumen_Dalila_20260831.pdf
 create mode 100644 reportesDiariosVL/Resumen_Elite_20260831.pdf
 create mode 100644 reportesDiariosVL/Resumen_Monterrey_20260831.pdf
 create mode 100644 reportesDiariosVL/Resumen_Salvador_20260831.pdf
To https://github.com/distribucionesviraal-star/reportesMarcadorVL.git
   e66dd41..c098345  main -> main
[01/09/2026  7:00:17.13] EXITO: Reportes publicados en GitHub.
