============================================================
Inicio: 22/08/2026  7:00:05.23
Repositorio: C:\Users\Lenovo\Downloads\reporteD\dashboardGit
Script: C:\Users\Lenovo\Downloads\reporteD\dashboardGit\dashBoardDiario_Streamlit_MultiReporte.py
============================================================
[22/08/2026  7:00:05.73] Actualizando rama main...
From https://github.com/distribucionesviraal-star/reportesMarcadorVL
 * branch            main       -> FETCH_HEAD
Already up to date.
[22/08/2026  7:00:08.79] Ejecutando generador de reportes...
2026-08-22 07:00:26.970 WARNING streamlit.runtime.scriptrunner_utils.script_run_context: Thread 'MainThread': missing ScriptRunContext! This warning can be ignored when running in bare mode.
2026-08-22 07:00:26.971 WARNING streamlit.runtime.scriptrunner_utils.script_run_context: Thread 'MainThread': missing ScriptRunContext! This warning can be ignored when running in bare mode.
2026-08-22 07:00:26.971 WARNING streamlit.runtime.scriptrunner_utils.script_run_context: Thread 'MainThread': missing ScriptRunContext! This warning can be ignored when running in bare mode.
2026-08-22 07:00:26.973 WARNING streamlit.runtime.scriptrunner_utils.script_run_context: Thread 'MainThread': missing ScriptRunContext! This warning can be ignored when running in bare mode.
2026-08-22 07:00:26.973 WARNING streamlit.runtime.state.session_state_proxy: Session state does not function when running a script without `streamlit run`
2026-08-22 07:00:26.973 WARNING streamlit.runtime.scriptrunner_utils.script_run_context: Thread 'MainThread': missing ScriptRunContext! This warning can be ignored when running in bare mode.
2026-08-22 07:00:27.384 
  [33m[1mWarning:[0m to view this Streamlit app on a browser, run it with the following
  command:

    streamlit run C:\Users\Lenovo\Downloads\reporteD\dashboardGit\dashBoardDiario_Streamlit_MultiReporte.py [ARGUMENTS]
2026-08-22 07:00:27.384 Thread 'MainThread': missing ScriptRunContext! This warning can be ignored when running in bare mode.
2026-08-22 07:00:27.384 Thread 'MainThread': missing ScriptRunContext! This warning can be ignored when running in bare mode.
2026-08-22 07:00:27.384 Thread 'MainThread': missing ScriptRunContext! This warning can be ignored when running in bare mode.
2026-08-22 07:00:27.385 Thread 'MainThread': missing ScriptRunContext! This warning can be ignored when running in bare mode.
2026-08-22 07:00:27.386 Thread 'MainThread': missing ScriptRunContext! This warning can be ignored when running in bare mode.
2026-08-22 07:00:27.386 Thread 'MainThread': missing ScriptRunContext! This warning can be ignored when running in bare mode.
2026-08-22 07:00:27.386 Thread 'MainThread': missing ScriptRunContext! This warning can be ignored when running in bare mode.
2026-08-22 07:00:27.386 Thread 'MainThread': missing ScriptRunContext! This warning can be ignored when running in bare mode.
2026-08-22 07:00:27.386 Thread 'MainThread': missing ScriptRunContext! This warning can be ignored when running in bare mode.
2026-08-22 07:00:27.386 Thread 'MainThread': missing ScriptRunContext! This warning can be ignored when running in bare mode.
2026-08-22 07:00:27.386 Thread 'MainThread': missing ScriptRunContext! This warning can be ignored when running in bare mode.
2026-08-22 07:00:27.386 Thread 'MainThread': missing ScriptRunContext! This warning can be ignored when running in bare mode.
2026-08-22 07:00:27.387 Thread 'MainThread': missing ScriptRunContext! This warning can be ignored when running in bare mode.
2026-08-22 07:00:27.527 Thread 'MainThread': missing ScriptRunContext! This warning can be ignored when running in bare mode.
2026-08-22 07:00:27.528 Thread 'MainThread': missing ScriptRunContext! This warning can be ignored when running in bare mode.
2026-08-22 07:00:27.528 Thread 'MainThread': missing ScriptRunContext! This warning can be ignored when running in bare mode.
2026-08-22 07:00:27.528 Thread 'MainThread': missing ScriptRunContext! This warning can be ignored when running in bare mode.
2026-08-22 07:00:27.528 Thread 'MainThread': missing ScriptRunContext! This warning can be ignored when running in bare mode.
2026-08-22 07:00:27.528 Thread 'MainThread': missing ScriptRunContext! This warning can be ignored when running in bare mode.
2026-08-22 07:00:27.528 Thread 'MainThread': missing ScriptRunContext! This warning can be ignored when running in bare mode.
2026-08-22 07:00:27.528 Thread 'MainThread': missing ScriptRunContext! This warning can be ignored when running in bare mode.
2026-08-22 07:00:27.528 Thread 'MainThread': missing ScriptRunContext! This warning can be ignored when running in bare mode.
2026-08-22 07:00:27.528 Thread 'MainThread': missing ScriptRunContext! This warning can be ignored when running in bare mode.
2026-08-22 07:00:27.529 Thread 'MainThread': missing ScriptRunContext! This warning can be ignored when running in bare mode.
2026-08-22 07:00:27.529 Thread 'MainThread': missing ScriptRunContext! This warning can be ignored when running in bare mode.
2026-08-22 07:00:27.529 Thread 'MainThread': missing ScriptRunContext! This warning can be ignored when running in bare mode.
2026-08-22 07:00:27.529 Thread 'MainThread': missing ScriptRunContext! This warning can be ignored when running in bare mode.
2026-08-22 07:00:27.529 Thread 'MainThread': missing ScriptRunContext! This warning can be ignored when running in bare mode.
2026-08-22 07:00:27.529 Thread 'MainThread': missing ScriptRunContext! This warning can be ignored when running in bare mode.
2026-08-22 07:00:27.529 Thread 'MainThread': missing ScriptRunContext! This warning can be ignored when running in bare mode.
2026-08-22 07:00:27.529 Thread 'MainThread': missing ScriptRunContext! This warning can be ignored when running in bare mode.
2026-08-22 07:00:27.529 Thread 'MainThread': missing ScriptRunContext! This warning can be ignored when running in bare mode.
2026-08-22 07:00:27.529 Thread 'MainThread': missing ScriptRunContext! This warning can be ignored when running in bare mode.
2026-08-22 07:00:27.529 Thread 'MainThread': missing ScriptRunContext! This warning can be ignored when running in bare mode.
2026-08-22 07:00:27.529 Thread 'MainThread': missing ScriptRunContext! This warning can be ignored when running in bare mode.
2026-08-22 07:00:27.529 Thread 'MainThread': missing ScriptRunContext! This warning can be ignored when running in bare mode.
2026-08-22 07:00:27.529 Thread 'MainThread': missing ScriptRunContext! This warning can be ignored when running in bare mode.
2026-08-22 07:00:27.529 Thread 'MainThread': missing ScriptRunContext! This warning can be ignored when running in bare mode.
2026-08-22 07:00:27.529 Thread 'MainThread': missing ScriptRunContext! This warning can be ignored when running in bare mode.
2026-08-22 07:00:27.530 Thread 'MainThread': missing ScriptRunContext! This warning can be ignored when running in bare mode.
2026-08-22 07:00:27.530 Thread 'MainThread': missing ScriptRunContext! This warning can be ignored when running in bare mode.
2026-08-22 07:00:27.530 Thread 'MainThread': missing ScriptRunContext! This warning can be ignored when running in bare mode.
2026-08-22 07:00:27.530 Thread 'MainThread': missing ScriptRunContext! This warning can be ignored when running in bare mode.
2026-08-22 07:00:27.530 Thread 'MainThread': missing ScriptRunContext! This warning can be ignored when running in bare mode.
2026-08-22 07:00:27.530 Thread 'MainThread': missing ScriptRunContext! This warning can be ignored when running in bare mode.
2026-08-22 07:00:27.530 Thread 'MainThread': missing ScriptRunContext! This warning can be ignored when running in bare mode.
2026-08-22 07:00:27.530 Thread 'MainThread': missing ScriptRunContext! This warning can be ignored when running in bare mode.
2026-08-22 07:00:27.530 Thread 'MainThread': missing ScriptRunContext! This warning can be ignored when running in bare mode.
2026-08-22 07:00:27.530 Thread 'MainThread': missing ScriptRunContext! This warning can be ignored when running in bare mode.
2026-08-22 07:00:27.530 Thread 'MainThread': missing ScriptRunContext! This warning can be ignored when running in bare mode.
2026-08-22 07:00:27.530 Thread 'MainThread': missing ScriptRunContext! This warning can be ignored when running in bare mode.
2026-08-22 07:00:27.530 Thread 'MainThread': missing ScriptRunContext! This warning can be ignored when running in bare mode.
2026-08-22 07:00:27.530 Thread 'MainThread': missing ScriptRunContext! This warning can be ignored when running in bare mode.
2026-08-22 07:00:27.530 Thread 'MainThread': missing ScriptRunContext! This warning can be ignored when running in bare mode.
2026-08-22 07:00:27.531 Thread 'MainThread': missing ScriptRunContext! This warning can be ignored when running in bare mode.
2026-08-22 07:00:27.531 Thread 'MainThread': missing ScriptRunContext! This warning can be ignored when running in bare mode.
2026-08-22 07:00:27.531 Thread 'MainThread': missing ScriptRunContext! This warning can be ignored when running in bare mode.
2026-08-22 07:00:27.531 Thread 'MainThread': missing ScriptRunContext! This warning can be ignored when running in bare mode.
2026-08-22 07:00:27.531 Thread 'MainThread': missing ScriptRunContext! This warning can be ignored when running in bare mode.
2026-08-22 07:00:27.531 Thread 'MainThread': missing ScriptRunContext! This warning can be ignored when running in bare mode.
2026-08-22 07:00:27.531 Thread 'MainThread': missing ScriptRunContext! This warning can be ignored when running in bare mode.
2026-08-22 07:00:27.531 Thread 'MainThread': missing ScriptRunContext! This warning can be ignored when running in bare mode.
2026-08-22 07:00:27.531 Thread 'MainThread': missing ScriptRunContext! This warning can be ignored when running in bare mode.
2026-08-22 07:00:27.531 Thread 'MainThread': missing ScriptRunContext! This warning can be ignored when running in bare mode.
2026-08-22 07:00:27.531 Thread 'MainThread': missing ScriptRunContext! This warning can be ignored when running in bare mode.
2026-08-22 07:00:27.531 Thread 'MainThread': missing ScriptRunContext! This warning can be ignored when running in bare mode.
2026-08-22 07:00:27.531 Thread 'MainThread': missing ScriptRunContext! This warning can be ignored when running in bare mode.
2026-08-22 07:00:27.531 Thread 'MainThread': missing ScriptRunContext! This warning can be ignored when running in bare mode.
2026-08-22 07:00:27.531 Thread 'MainThread': missing ScriptRunContext! This warning can be ignored when running in bare mode.
2026-08-22 07:00:27.531 Thread 'MainThread': missing ScriptRunContext! This warning can be ignored when running in bare mode.
2026-08-22 07:00:27.532 Thread 'MainThread': missing ScriptRunContext! This warning can be ignored when running in bare mode.
2026-08-22 07:00:27.532 Thread 'MainThread': missing ScriptRunContext! This warning can be ignored when running in bare mode.
2026-08-22 07:00:27.532 Thread 'MainThread': missing ScriptRunContext! This warning can be ignored when running in bare mode.
2026-08-22 07:00:27.532 Thread 'MainThread': missing ScriptRunContext! This warning can be ignored when running in bare mode.
2026-08-22 07:00:27.532 Thread 'MainThread': missing ScriptRunContext! This warning can be ignored when running in bare mode.
2026-08-22 07:00:27.532 Thread 'MainThread': missing ScriptRunContext! This warning can be ignored when running in bare mode.
2026-08-22 07:00:27.532 Thread 'MainThread': missing ScriptRunContext! This warning can be ignored when running in bare mode.
2026-08-22 07:00:27.532 Thread 'MainThread': missing ScriptRunContext! This warning can be ignored when running in bare mode.
2026-08-22 07:00:27.532 Thread 'MainThread': missing ScriptRunContext! This warning can be ignored when running in bare mode.
2026-08-22 07:00:27.532 Thread 'MainThread': missing ScriptRunContext! This warning can be ignored when running in bare mode.
2026-08-22 07:00:27.532 Thread 'MainThread': missing ScriptRunContext! This warning can be ignored when running in bare mode.
2026-08-22 07:00:27.532 Thread 'MainThread': missing ScriptRunContext! This warning can be ignored when running in bare mode.
2026-08-22 07:00:27.532 Thread 'MainThread': missing ScriptRunContext! This warning can be ignored when running in bare mode.
2026-08-22 07:00:27.532 Thread 'MainThread': missing ScriptRunContext! This warning can be ignored when running in bare mode.
2026-08-22 07:00:27.532 Thread 'MainThread': missing ScriptRunContext! This warning can be ignored when running in bare mode.
2026-08-22 07:00:27.532 Thread 'MainThread': missing ScriptRunContext! This warning can be ignored when running in bare mode.
2026-08-22 07:00:27.532 Thread 'MainThread': missing ScriptRunContext! This warning can be ignored when running in bare mode.
2026-08-22 07:00:27.533 Thread 'MainThread': missing ScriptRunContext! This warning can be ignored when running in bare mode.
2026-08-22 07:00:27.533 Thread 'MainThread': missing ScriptRunContext! This warning can be ignored when running in bare mode.
2026-08-22 07:00:27.533 Thread 'MainThread': missing ScriptRunContext! This warning can be ignored when running in bare mode.
2026-08-22 07:00:27.533 Thread 'MainThread': missing ScriptRunContext! This warning can be ignored when running in bare mode.
2026-08-22 07:00:27.533 Thread 'MainThread': missing ScriptRunContext! This warning can be ignored when running in bare mode.
2026-08-22 07:00:27.533 Thread 'MainThread': missing ScriptRunContext! This warning can be ignored when running in bare mode.
2026-08-22 07:00:27.533 Thread 'MainThread': missing ScriptRunContext! This warning can be ignored when running in bare mode.
2026-08-22 07:00:27.533 Thread 'MainThread': missing ScriptRunContext! This warning can be ignored when running in bare mode.
2026-08-22 07:00:27.533 Thread 'MainThread': missing ScriptRunContext! This warning can be ignored when running in bare mode.
2026-08-22 07:00:27.533 Thread 'MainThread': missing ScriptRunContext! This warning can be ignored when running in bare mode.
2026-08-22 07:00:27.533 Thread 'MainThread': missing ScriptRunContext! This warning can be ignored when running in bare mode.
2026-08-22 07:00:27.533 Thread 'MainThread': missing ScriptRunContext! This warning can be ignored when running in bare mode.
2026-08-22 07:00:27.533 Thread 'MainThread': missing ScriptRunContext! This warning can be ignored when running in bare mode.
2026-08-22 07:00:27.533 Thread 'MainThread': missing ScriptRunContext! This warning can be ignored when running in bare mode.
2026-08-22 07:00:27.533 Thread 'MainThread': missing ScriptRunContext! This warning can be ignored when running in bare mode.
2026-08-22 07:00:27.534 Thread 'MainThread': missing ScriptRunContext! This warning can be ignored when running in bare mode.
2026-08-22 07:00:27.534 Thread 'MainThread': missing ScriptRunContext! This warning can be ignored when running in bare mode.
2026-08-22 07:00:27.534 Thread 'MainThread': missing ScriptRunContext! This warning can be ignored when running in bare mode.
2026-08-22 07:00:27.534 Thread 'MainThread': missing ScriptRunContext! This warning can be ignored when running in bare mode.
2026-08-22 07:00:27.534 Thread 'MainThread': missing ScriptRunContext! This warning can be ignored when running in bare mode.
2026-08-22 07:00:27.534 Thread 'MainThread': missing ScriptRunContext! This warning can be ignored when running in bare mode.
2026-08-22 07:00:27.534 Thread 'MainThread': missing ScriptRunContext! This warning can be ignored when running in bare mode.
2026-08-22 07:00:27.676 Please replace `use_container_width` with `width`.

`use_container_width` will be removed after 2025-12-31.

For `use_container_width=True`, use `width='stretch'`. For `use_container_width=False`, use `width='content'`.
2026-08-22 07:00:27.697 Thread 'MainThread': missing ScriptRunContext! This warning can be ignored when running in bare mode.
2026-08-22 07:00:27.697 Thread 'MainThread': missing ScriptRunContext! This warning can be ignored when running in bare mode.
2026-08-22 07:00:27.697 Thread 'MainThread': missing ScriptRunContext! This warning can be ignored when running in bare mode.
2026-08-22 07:00:27.697 Thread 'MainThread': missing ScriptRunContext! This warning can be ignored when running in bare mode.
2026-08-22 07:00:27.697 Thread 'MainThread': missing ScriptRunContext! This warning can be ignored when running in bare mode.
2026-08-22 07:00:27.697 Thread 'MainThread': missing ScriptRunContext! This warning can be ignored when running in bare mode.
2026-08-22 07:00:27.697 Thread 'MainThread': missing ScriptRunContext! This warning can be ignored when running in bare mode.
2026-08-22 07:00:27.697 Thread 'MainThread': missing ScriptRunContext! This warning can be ignored when running in bare mode.
2026-08-22 07:00:27.697 Thread 'MainThread': missing ScriptRunContext! This warning can be ignored when running in bare mode.
2026-08-22 07:00:27.697 Thread 'MainThread': missing ScriptRunContext! This warning can be ignored when running in bare mode.
2026-08-22 07:00:27.697 Thread 'MainThread': missing ScriptRunContext! This warning can be ignored when running in bare mode.
2026-08-22 07:00:28.754 Please replace `use_container_width` with `width`.

`use_container_width` will be removed after 2025-12-31.

For `use_container_width=True`, use `width='stretch'`. For `use_container_width=False`, use `width='content'`.
2026-08-22 07:00:28.757 Thread 'MainThread': missing ScriptRunContext! This warning can be ignored when running in bare mode.
2026-08-22 07:00:28.757 Thread 'MainThread': missing ScriptRunContext! This warning can be ignored when running in bare mode.
2026-08-22 07:00:28.757 Thread 'MainThread': missing ScriptRunContext! This warning can be ignored when running in bare mode.
2026-08-22 07:00:28.757 Thread 'MainThread': missing ScriptRunContext! This warning can be ignored when running in bare mode.
2026-08-22 07:00:28.757 Thread 'MainThread': missing ScriptRunContext! This warning can be ignored when running in bare mode.
2026-08-22 07:00:28.757 Thread 'MainThread': missing ScriptRunContext! This warning can be ignored when running in bare mode.
2026-08-22 07:00:28.758 Thread 'MainThread': missing ScriptRunContext! This warning can be ignored when running in bare mode.
2026-08-22 07:00:28.758 Thread 'MainThread': missing ScriptRunContext! This warning can be ignored when running in bare mode.
2026-08-22 07:00:28.922 Please replace `use_container_width` with `width`.

`use_container_width` will be removed after 2025-12-31.

For `use_container_width=True`, use `width='stretch'`. For `use_container_width=False`, use `width='content'`.
2026-08-22 07:00:28.924 Thread 'MainThread': missing ScriptRunContext! This warning can be ignored when running in bare mode.
2026-08-22 07:00:28.924 Thread 'MainThread': missing ScriptRunContext! This warning can be ignored when running in bare mode.
2026-08-22 07:00:28.924 Thread 'MainThread': missing ScriptRunContext! This warning can be ignored when running in bare mode.
2026-08-22 07:00:28.924 Thread 'MainThread': missing ScriptRunContext! This warning can be ignored when running in bare mode.
2026-08-22 07:00:28.924 Thread 'MainThread': missing ScriptRunContext! This warning can be ignored when running in bare mode.
2026-08-22 07:00:28.924 Thread 'MainThread': missing ScriptRunContext! This warning can be ignored when running in bare mode.
2026-08-22 07:00:28.924 Thread 'MainThread': missing ScriptRunContext! This warning can be ignored when running in bare mode.
2026-08-22 07:00:28.924 Thread 'MainThread': missing ScriptRunContext! This warning can be ignored when running in bare mode.
2026-08-22 07:00:28.924 Thread 'MainThread': missing ScriptRunContext! This warning can be ignored when running in bare mode.
2026-08-22 07:00:28.924 Thread 'MainThread': missing ScriptRunContext! This warning can be ignored when running in bare mode.
2026-08-22 07:00:28.924 Thread 'MainThread': missing ScriptRunContext! This warning can be ignored when running in bare mode.
2026-08-22 07:00:28.924 Please replace `use_container_width` with `width`.

`use_container_width` will be removed after 2025-12-31.

For `use_container_width=True`, use `width='stretch'`. For `use_container_width=False`, use `width='content'`.
2026-08-22 07:00:28.978 Thread 'MainThread': missing ScriptRunContext! This warning can be ignored when running in bare mode.
2026-08-22 07:00:28.978 Thread 'MainThread': missing ScriptRunContext! This warning can be ignored when running in bare mode.
2026-08-22 07:00:28.978 Thread 'MainThread': missing ScriptRunContext! This warning can be ignored when running in bare mode.
2026-08-22 07:00:28.978 Thread 'MainThread': missing ScriptRunContext! This warning can be ignored when running in bare mode.
2026-08-22 07:00:29.054 Please replace `use_container_width` with `width`.

`use_container_width` will be removed after 2025-12-31.

For `use_container_width=True`, use `width='stretch'`. For `use_container_width=False`, use `width='content'`.
2026-08-22 07:00:29.055 Thread 'MainThread': missing ScriptRunContext! This warning can be ignored when running in bare mode.
2026-08-22 07:00:29.055 Thread 'MainThread': missing ScriptRunContext! This warning can be ignored when running in bare mode.
2026-08-22 07:00:29.055 Thread 'MainThread': missing ScriptRunContext! This warning can be ignored when running in bare mode.
2026-08-22 07:00:29.056 Thread 'MainThread': missing ScriptRunContext! This warning can be ignored when running in bare mode.
2026-08-22 07:00:29.056 Thread 'MainThread': missing ScriptRunContext! This warning can be ignored when running in bare mode.
2026-08-22 07:00:29.056 Thread 'MainThread': missing ScriptRunContext! This warning can be ignored when running in bare mode.
2026-08-22 07:00:29.057 Please replace `use_container_width` with `width`.

`use_container_width` will be removed after 2025-12-31.

For `use_container_width=True`, use `width='stretch'`. For `use_container_width=False`, use `width='content'`.
2026-08-22 07:00:29.058 Thread 'MainThread': missing ScriptRunContext! This warning can be ignored when running in bare mode.
2026-08-22 07:00:29.058 Thread 'MainThread': missing ScriptRunContext! This warning can be ignored when running in bare mode.
2026-08-22 07:00:29.058 Thread 'MainThread': missing ScriptRunContext! This warning can be ignored when running in bare mode.
2026-08-22 07:00:29.058 Thread 'MainThread': missing ScriptRunContext! This warning can be ignored when running in bare mode.
[22/08/2026  7:00:30.46] ERROR: No se genero el minimo esperado de PDF.
Fin: 22/08/2026  7:00:30.46 - Codigo: 32
