============================================================
Inicio: 24/08/2026 10:30:04.46
Repositorio: C:\Users\Lenovo\Downloads\reporteD\dashboardGit
Script: C:\Users\Lenovo\Downloads\reporteD\dashboardGit\dashBoardDiario_Streamlit_MultiReporte.py
============================================================
[24/08/2026 10:30:04.96] Actualizando rama main...
From https://github.com/distribucionesviraal-star/reportesMarcadorVL
 * branch            main       -> FETCH_HEAD
Already up to date.
[24/08/2026 10:30:06.47] Ejecutando generador de reportes...
2026-08-24 10:30:10.198 WARNING streamlit.runtime.scriptrunner_utils.script_run_context: Thread 'MainThread': missing ScriptRunContext! This warning can be ignored when running in bare mode.
2026-08-24 10:30:10.199 WARNING streamlit.runtime.scriptrunner_utils.script_run_context: Thread 'MainThread': missing ScriptRunContext! This warning can be ignored when running in bare mode.
2026-08-24 10:30:10.199 WARNING streamlit.runtime.scriptrunner_utils.script_run_context: Thread 'MainThread': missing ScriptRunContext! This warning can be ignored when running in bare mode.
2026-08-24 10:30:10.201 WARNING streamlit.runtime.scriptrunner_utils.script_run_context: Thread 'MainThread': missing ScriptRunContext! This warning can be ignored when running in bare mode.
2026-08-24 10:30:10.201 WARNING streamlit.runtime.state.session_state_proxy: Session state does not function when running a script without `streamlit run`
2026-08-24 10:30:10.201 WARNING streamlit.runtime.scriptrunner_utils.script_run_context: Thread 'MainThread': missing ScriptRunContext! This warning can be ignored when running in bare mode.
2026-08-24 10:30:10.650 
  [33m[1mWarning:[0m to view this Streamlit app on a browser, run it with the following
  command:

    streamlit run C:\Users\Lenovo\Downloads\reporteD\dashboardGit\dashBoardDiario_Streamlit_MultiReporte.py [ARGUMENTS]
2026-08-24 10:30:10.650 Thread 'MainThread': missing ScriptRunContext! This warning can be ignored when running in bare mode.
2026-08-24 10:30:10.650 Thread 'MainThread': missing ScriptRunContext! This warning can be ignored when running in bare mode.
2026-08-24 10:30:10.650 Thread 'MainThread': missing ScriptRunContext! This warning can be ignored when running in bare mode.
2026-08-24 10:30:10.650 Thread 'MainThread': missing ScriptRunContext! This warning can be ignored when running in bare mode.
2026-08-24 10:30:10.651 Thread 'MainThread': missing ScriptRunContext! This warning can be ignored when running in bare mode.
2026-08-24 10:30:10.651 Thread 'MainThread': missing ScriptRunContext! This warning can be ignored when running in bare mode.
2026-08-24 10:30:10.651 Thread 'MainThread': missing ScriptRunContext! This warning can be ignored when running in bare mode.
2026-08-24 10:30:10.651 Thread 'MainThread': missing ScriptRunContext! This warning can be ignored when running in bare mode.
2026-08-24 10:30:10.651 Thread 'MainThread': missing ScriptRunContext! This warning can be ignored when running in bare mode.
2026-08-24 10:30:10.651 Thread 'MainThread': missing ScriptRunContext! This warning can be ignored when running in bare mode.
2026-08-24 10:30:10.651 Thread 'MainThread': missing ScriptRunContext! This warning can be ignored when running in bare mode.
2026-08-24 10:30:10.652 Thread 'MainThread': missing ScriptRunContext! This warning can be ignored when running in bare mode.
2026-08-24 10:30:10.652 Thread 'MainThread': missing ScriptRunContext! This warning can be ignored when running in bare mode.
2026-08-24 10:30:10.781 Thread 'MainThread': missing ScriptRunContext! This warning can be ignored when running in bare mode.
2026-08-24 10:30:10.781 Thread 'MainThread': missing ScriptRunContext! This warning can be ignored when running in bare mode.
2026-08-24 10:30:10.781 Thread 'MainThread': missing ScriptRunContext! This warning can be ignored when running in bare mode.
2026-08-24 10:30:10.781 Thread 'MainThread': missing ScriptRunContext! This warning can be ignored when running in bare mode.
2026-08-24 10:30:10.781 Thread 'MainThread': missing ScriptRunContext! This warning can be ignored when running in bare mode.
2026-08-24 10:30:10.781 Thread 'MainThread': missing ScriptRunContext! This warning can be ignored when running in bare mode.
2026-08-24 10:30:10.781 Thread 'MainThread': missing ScriptRunContext! This warning can be ignored when running in bare mode.
2026-08-24 10:30:10.781 Thread 'MainThread': missing ScriptRunContext! This warning can be ignored when running in bare mode.
2026-08-24 10:30:10.781 Thread 'MainThread': missing ScriptRunContext! This warning can be ignored when running in bare mode.
2026-08-24 10:30:10.781 Thread 'MainThread': missing ScriptRunContext! This warning can be ignored when running in bare mode.
2026-08-24 10:30:10.781 Thread 'MainThread': missing ScriptRunContext! This warning can be ignored when running in bare mode.
2026-08-24 10:30:10.782 Thread 'MainThread': missing ScriptRunContext! This warning can be ignored when running in bare mode.
2026-08-24 10:30:10.782 Thread 'MainThread': missing ScriptRunContext! This warning can be ignored when running in bare mode.
2026-08-24 10:30:10.782 Thread 'MainThread': missing ScriptRunContext! This warning can be ignored when running in bare mode.
2026-08-24 10:30:10.782 Thread 'MainThread': missing ScriptRunContext! This warning can be ignored when running in bare mode.
2026-08-24 10:30:10.782 Thread 'MainThread': missing ScriptRunContext! This warning can be ignored when running in bare mode.
2026-08-24 10:30:10.782 Thread 'MainThread': missing ScriptRunContext! This warning can be ignored when running in bare mode.
2026-08-24 10:30:10.782 Thread 'MainThread': missing ScriptRunContext! This warning can be ignored when running in bare mode.
2026-08-24 10:30:10.782 Thread 'MainThread': missing ScriptRunContext! This warning can be ignored when running in bare mode.
2026-08-24 10:30:10.782 Thread 'MainThread': missing ScriptRunContext! This warning can be ignored when running in bare mode.
2026-08-24 10:30:10.782 Thread 'MainThread': missing ScriptRunContext! This warning can be ignored when running in bare mode.
2026-08-24 10:30:10.782 Thread 'MainThread': missing ScriptRunContext! This warning can be ignored when running in bare mode.
2026-08-24 10:30:10.782 Thread 'MainThread': missing ScriptRunContext! This warning can be ignored when running in bare mode.
2026-08-24 10:30:10.782 Thread 'MainThread': missing ScriptRunContext! This warning can be ignored when running in bare mode.
2026-08-24 10:30:10.782 Thread 'MainThread': missing ScriptRunContext! This warning can be ignored when running in bare mode.
2026-08-24 10:30:10.782 Thread 'MainThread': missing ScriptRunContext! This warning can be ignored when running in bare mode.
2026-08-24 10:30:10.783 Thread 'MainThread': missing ScriptRunContext! This warning can be ignored when running in bare mode.
2026-08-24 10:30:10.783 Thread 'MainThread': missing ScriptRunContext! This warning can be ignored when running in bare mode.
2026-08-24 10:30:10.783 Thread 'MainThread': missing ScriptRunContext! This warning can be ignored when running in bare mode.
2026-08-24 10:30:10.783 Thread 'MainThread': missing ScriptRunContext! This warning can be ignored when running in bare mode.
2026-08-24 10:30:10.783 Thread 'MainThread': missing ScriptRunContext! This warning can be ignored when running in bare mode.
2026-08-24 10:30:10.783 Thread 'MainThread': missing ScriptRunContext! This warning can be ignored when running in bare mode.
2026-08-24 10:30:10.783 Thread 'MainThread': missing ScriptRunContext! This warning can be ignored when running in bare mode.
2026-08-24 10:30:10.783 Thread 'MainThread': missing ScriptRunContext! This warning can be ignored when running in bare mode.
2026-08-24 10:30:10.783 Thread 'MainThread': missing ScriptRunContext! This warning can be ignored when running in bare mode.
2026-08-24 10:30:10.783 Thread 'MainThread': missing ScriptRunContext! This warning can be ignored when running in bare mode.
2026-08-24 10:30:10.783 Thread 'MainThread': missing ScriptRunContext! This warning can be ignored when running in bare mode.
2026-08-24 10:30:10.783 Thread 'MainThread': missing ScriptRunContext! This warning can be ignored when running in bare mode.
2026-08-24 10:30:10.784 Thread 'MainThread': missing ScriptRunContext! This warning can be ignored when running in bare mode.
2026-08-24 10:30:10.784 Thread 'MainThread': missing ScriptRunContext! This warning can be ignored when running in bare mode.
2026-08-24 10:30:10.784 Thread 'MainThread': missing ScriptRunContext! This warning can be ignored when running in bare mode.
2026-08-24 10:30:10.784 Thread 'MainThread': missing ScriptRunContext! This warning can be ignored when running in bare mode.
2026-08-24 10:30:10.784 Thread 'MainThread': missing ScriptRunContext! This warning can be ignored when running in bare mode.
2026-08-24 10:30:10.784 Thread 'MainThread': missing ScriptRunContext! This warning can be ignored when running in bare mode.
2026-08-24 10:30:10.784 Thread 'MainThread': missing ScriptRunContext! This warning can be ignored when running in bare mode.
2026-08-24 10:30:10.784 Thread 'MainThread': missing ScriptRunContext! This warning can be ignored when running in bare mode.
2026-08-24 10:30:10.784 Thread 'MainThread': missing ScriptRunContext! This warning can be ignored when running in bare mode.
2026-08-24 10:30:10.784 Thread 'MainThread': missing ScriptRunContext! This warning can be ignored when running in bare mode.
2026-08-24 10:30:10.784 Thread 'MainThread': missing ScriptRunContext! This warning can be ignored when running in bare mode.
2026-08-24 10:30:10.784 Thread 'MainThread': missing ScriptRunContext! This warning can be ignored when running in bare mode.
2026-08-24 10:30:10.784 Thread 'MainThread': missing ScriptRunContext! This warning can be ignored when running in bare mode.
2026-08-24 10:30:10.785 Thread 'MainThread': missing ScriptRunContext! This warning can be ignored when running in bare mode.
2026-08-24 10:30:10.785 Thread 'MainThread': missing ScriptRunContext! This warning can be ignored when running in bare mode.
2026-08-24 10:30:10.785 Thread 'MainThread': missing ScriptRunContext! This warning can be ignored when running in bare mode.
2026-08-24 10:30:10.785 Thread 'MainThread': missing ScriptRunContext! This warning can be ignored when running in bare mode.
2026-08-24 10:30:10.786 Thread 'MainThread': missing ScriptRunContext! This warning can be ignored when running in bare mode.
2026-08-24 10:30:10.786 Thread 'MainThread': missing ScriptRunContext! This warning can be ignored when running in bare mode.
2026-08-24 10:30:10.787 Thread 'MainThread': missing ScriptRunContext! This warning can be ignored when running in bare mode.
2026-08-24 10:30:10.787 Thread 'MainThread': missing ScriptRunContext! This warning can be ignored when running in bare mode.
2026-08-24 10:30:10.787 Thread 'MainThread': missing ScriptRunContext! This warning can be ignored when running in bare mode.
2026-08-24 10:30:10.788 Thread 'MainThread': missing ScriptRunContext! This warning can be ignored when running in bare mode.
2026-08-24 10:30:10.788 Thread 'MainThread': missing ScriptRunContext! This warning can be ignored when running in bare mode.
2026-08-24 10:30:10.789 Thread 'MainThread': missing ScriptRunContext! This warning can be ignored when running in bare mode.
2026-08-24 10:30:10.789 Thread 'MainThread': missing ScriptRunContext! This warning can be ignored when running in bare mode.
2026-08-24 10:30:10.789 Thread 'MainThread': missing ScriptRunContext! This warning can be ignored when running in bare mode.
2026-08-24 10:30:10.789 Thread 'MainThread': missing ScriptRunContext! This warning can be ignored when running in bare mode.
2026-08-24 10:30:10.789 Thread 'MainThread': missing ScriptRunContext! This warning can be ignored when running in bare mode.
2026-08-24 10:30:10.789 Thread 'MainThread': missing ScriptRunContext! This warning can be ignored when running in bare mode.
2026-08-24 10:30:10.789 Thread 'MainThread': missing ScriptRunContext! This warning can be ignored when running in bare mode.
2026-08-24 10:30:10.790 Thread 'MainThread': missing ScriptRunContext! This warning can be ignored when running in bare mode.
2026-08-24 10:30:10.790 Thread 'MainThread': missing ScriptRunContext! This warning can be ignored when running in bare mode.
2026-08-24 10:30:10.790 Thread 'MainThread': missing ScriptRunContext! This warning can be ignored when running in bare mode.
2026-08-24 10:30:10.790 Thread 'MainThread': missing ScriptRunContext! This warning can be ignored when running in bare mode.
2026-08-24 10:30:10.790 Thread 'MainThread': missing ScriptRunContext! This warning can be ignored when running in bare mode.
2026-08-24 10:30:10.790 Thread 'MainThread': missing ScriptRunContext! This warning can be ignored when running in bare mode.
2026-08-24 10:30:10.790 Thread 'MainThread': missing ScriptRunContext! This warning can be ignored when running in bare mode.
2026-08-24 10:30:10.790 Thread 'MainThread': missing ScriptRunContext! This warning can be ignored when running in bare mode.
2026-08-24 10:30:10.791 Thread 'MainThread': missing ScriptRunContext! This warning can be ignored when running in bare mode.
2026-08-24 10:30:10.791 Thread 'MainThread': missing ScriptRunContext! This warning can be ignored when running in bare mode.
2026-08-24 10:30:10.791 Thread 'MainThread': missing ScriptRunContext! This warning can be ignored when running in bare mode.
2026-08-24 10:30:10.791 Thread 'MainThread': missing ScriptRunContext! This warning can be ignored when running in bare mode.
2026-08-24 10:30:10.791 Thread 'MainThread': missing ScriptRunContext! This warning can be ignored when running in bare mode.
2026-08-24 10:30:10.791 Thread 'MainThread': missing ScriptRunContext! This warning can be ignored when running in bare mode.
2026-08-24 10:30:10.791 Thread 'MainThread': missing ScriptRunContext! This warning can be ignored when running in bare mode.
2026-08-24 10:30:10.791 Thread 'MainThread': missing ScriptRunContext! This warning can be ignored when running in bare mode.
2026-08-24 10:30:10.792 Thread 'MainThread': missing ScriptRunContext! This warning can be ignored when running in bare mode.
2026-08-24 10:30:10.793 Thread 'MainThread': missing ScriptRunContext! This warning can be ignored when running in bare mode.
2026-08-24 10:30:10.793 Thread 'MainThread': missing ScriptRunContext! This warning can be ignored when running in bare mode.
2026-08-24 10:30:10.793 Thread 'MainThread': missing ScriptRunContext! This warning can be ignored when running in bare mode.
2026-08-24 10:30:10.793 Thread 'MainThread': missing ScriptRunContext! This warning can be ignored when running in bare mode.
2026-08-24 10:30:10.793 Thread 'MainThread': missing ScriptRunContext! This warning can be ignored when running in bare mode.
2026-08-24 10:30:10.793 Thread 'MainThread': missing ScriptRunContext! This warning can be ignored when running in bare mode.
2026-08-24 10:30:10.794 Thread 'MainThread': missing ScriptRunContext! This warning can be ignored when running in bare mode.
2026-08-24 10:30:10.794 Thread 'MainThread': missing ScriptRunContext! This warning can be ignored when running in bare mode.
2026-08-24 10:30:10.794 Thread 'MainThread': missing ScriptRunContext! This warning can be ignored when running in bare mode.
2026-08-24 10:30:10.794 Thread 'MainThread': missing ScriptRunContext! This warning can be ignored when running in bare mode.
2026-08-24 10:30:10.822 Please replace `use_container_width` with `width`.

`use_container_width` will be removed after 2025-12-31.

For `use_container_width=True`, use `width='stretch'`. For `use_container_width=False`, use `width='content'`.
2026-08-24 10:30:10.828 Thread 'MainThread': missing ScriptRunContext! This warning can be ignored when running in bare mode.
2026-08-24 10:30:10.828 Thread 'MainThread': missing ScriptRunContext! This warning can be ignored when running in bare mode.
2026-08-24 10:30:10.828 Thread 'MainThread': missing ScriptRunContext! This warning can be ignored when running in bare mode.
2026-08-24 10:30:10.828 Thread 'MainThread': missing ScriptRunContext! This warning can be ignored when running in bare mode.
2026-08-24 10:30:10.828 Thread 'MainThread': missing ScriptRunContext! This warning can be ignored when running in bare mode.
2026-08-24 10:30:10.829 Thread 'MainThread': missing ScriptRunContext! This warning can be ignored when running in bare mode.
2026-08-24 10:30:10.829 Thread 'MainThread': missing ScriptRunContext! This warning can be ignored when running in bare mode.
2026-08-24 10:30:10.829 Thread 'MainThread': missing ScriptRunContext! This warning can be ignored when running in bare mode.
2026-08-24 10:30:10.829 Thread 'MainThread': missing ScriptRunContext! This warning can be ignored when running in bare mode.
2026-08-24 10:30:10.829 Thread 'MainThread': missing ScriptRunContext! This warning can be ignored when running in bare mode.
2026-08-24 10:30:10.829 Thread 'MainThread': missing ScriptRunContext! This warning can be ignored when running in bare mode.
2026-08-24 10:30:11.050 Please replace `use_container_width` with `width`.

`use_container_width` will be removed after 2025-12-31.

For `use_container_width=True`, use `width='stretch'`. For `use_container_width=False`, use `width='content'`.
2026-08-24 10:30:11.054 Thread 'MainThread': missing ScriptRunContext! This warning can be ignored when running in bare mode.
2026-08-24 10:30:11.054 Thread 'MainThread': missing ScriptRunContext! This warning can be ignored when running in bare mode.
2026-08-24 10:30:11.054 Thread 'MainThread': missing ScriptRunContext! This warning can be ignored when running in bare mode.
2026-08-24 10:30:11.054 Thread 'MainThread': missing ScriptRunContext! This warning can be ignored when running in bare mode.
2026-08-24 10:30:11.054 Thread 'MainThread': missing ScriptRunContext! This warning can be ignored when running in bare mode.
2026-08-24 10:30:11.055 Thread 'MainThread': missing ScriptRunContext! This warning can be ignored when running in bare mode.
2026-08-24 10:30:11.056 Thread 'MainThread': missing ScriptRunContext! This warning can be ignored when running in bare mode.
2026-08-24 10:30:11.056 Thread 'MainThread': missing ScriptRunContext! This warning can be ignored when running in bare mode.
2026-08-24 10:30:11.130 Please replace `use_container_width` with `width`.

`use_container_width` will be removed after 2025-12-31.

For `use_container_width=True`, use `width='stretch'`. For `use_container_width=False`, use `width='content'`.
2026-08-24 10:30:11.131 Thread 'MainThread': missing ScriptRunContext! This warning can be ignored when running in bare mode.
2026-08-24 10:30:11.131 Thread 'MainThread': missing ScriptRunContext! This warning can be ignored when running in bare mode.
2026-08-24 10:30:11.132 Thread 'MainThread': missing ScriptRunContext! This warning can be ignored when running in bare mode.
2026-08-24 10:30:11.132 Thread 'MainThread': missing ScriptRunContext! This warning can be ignored when running in bare mode.
2026-08-24 10:30:11.132 Thread 'MainThread': missing ScriptRunContext! This warning can be ignored when running in bare mode.
2026-08-24 10:30:11.132 Thread 'MainThread': missing ScriptRunContext! This warning can be ignored when running in bare mode.
2026-08-24 10:30:11.132 Thread 'MainThread': missing ScriptRunContext! This warning can be ignored when running in bare mode.
2026-08-24 10:30:11.132 Thread 'MainThread': missing ScriptRunContext! This warning can be ignored when running in bare mode.
2026-08-24 10:30:11.132 Thread 'MainThread': missing ScriptRunContext! This warning can be ignored when running in bare mode.
2026-08-24 10:30:11.132 Thread 'MainThread': missing ScriptRunContext! This warning can be ignored when running in bare mode.
2026-08-24 10:30:11.132 Thread 'MainThread': missing ScriptRunContext! This warning can be ignored when running in bare mode.
2026-08-24 10:30:11.132 Please replace `use_container_width` with `width`.

`use_container_width` will be removed after 2025-12-31.

For `use_container_width=True`, use `width='stretch'`. For `use_container_width=False`, use `width='content'`.
2026-08-24 10:30:11.171 Thread 'MainThread': missing ScriptRunContext! This warning can be ignored when running in bare mode.
2026-08-24 10:30:11.172 Thread 'MainThread': missing ScriptRunContext! This warning can be ignored when running in bare mode.
2026-08-24 10:30:11.172 Thread 'MainThread': missing ScriptRunContext! This warning can be ignored when running in bare mode.
2026-08-24 10:30:11.172 Thread 'MainThread': missing ScriptRunContext! This warning can be ignored when running in bare mode.
2026-08-24 10:30:11.211 Please replace `use_container_width` with `width`.

`use_container_width` will be removed after 2025-12-31.

For `use_container_width=True`, use `width='stretch'`. For `use_container_width=False`, use `width='content'`.
2026-08-24 10:30:11.212 Thread 'MainThread': missing ScriptRunContext! This warning can be ignored when running in bare mode.
2026-08-24 10:30:11.212 Thread 'MainThread': missing ScriptRunContext! This warning can be ignored when running in bare mode.
2026-08-24 10:30:11.212 Thread 'MainThread': missing ScriptRunContext! This warning can be ignored when running in bare mode.
2026-08-24 10:30:11.212 Thread 'MainThread': missing ScriptRunContext! This warning can be ignored when running in bare mode.
2026-08-24 10:30:11.212 Thread 'MainThread': missing ScriptRunContext! This warning can be ignored when running in bare mode.
2026-08-24 10:30:11.212 Thread 'MainThread': missing ScriptRunContext! This warning can be ignored when running in bare mode.
2026-08-24 10:30:11.214 Please replace `use_container_width` with `width`.

`use_container_width` will be removed after 2025-12-31.

For `use_container_width=True`, use `width='stretch'`. For `use_container_width=False`, use `width='content'`.
2026-08-24 10:30:11.215 Thread 'MainThread': missing ScriptRunContext! This warning can be ignored when running in bare mode.
2026-08-24 10:30:11.215 Thread 'MainThread': missing ScriptRunContext! This warning can be ignored when running in bare mode.
2026-08-24 10:30:11.215 Thread 'MainThread': missing ScriptRunContext! This warning can be ignored when running in bare mode.
2026-08-24 10:30:11.216 Thread 'MainThread': missing ScriptRunContext! This warning can be ignored when running in bare mode.
[24/08/2026 10:30:12.72] ERROR: No se genero el minimo esperado de PDF.
Fin: 24/08/2026 10:30:12.72 - Codigo: 32
