============================================================
Inicio: 29/08/2026  7:00:04.88
Repositorio: C:\Users\Lenovo\Downloads\reporteD\dashboardGit
Modo: Publicacion de PDF ya generados
============================================================
[29/08/2026  7:00:05.09] Actualizando rama main...
From https://github.com/distribucionesviraal-star/reportesMarcadorVL
 * branch            main       -> FETCH_HEAD
Already up to date.
[29/08/2026  7:00:08.46] PDF totales disponibles: 27
[29/08/2026  7:00:08.75] Preparando cambios Git...
warning: in the working copy of 'reportesDiariosVL/Resumen_20260828.pdf', LF will be replaced by CRLF the next time Git touches it
warning: in the working copy of 'reportesDiariosVL/Resumen_Dalila_20260828.pdf', LF will be replaced by CRLF the next time Git touches it
warning: in the working copy of 'reportesDiariosVL/Resumen_Manuel_20260828.pdf', LF will be replaced by CRLF the next time Git touches it
warning: in the working copy of 'reportesDiariosVL/Resumen_Moises_20260828.pdf', LF will be replaced by CRLF the next time Git touches it
warning: in the working copy of 'reportesDiariosVL/Resumen_Salvador_20260828.pdf', LF will be replaced by CRLF the next time Git touches it
[29/08/2026  7:00:10.34] Archivos pendientes detectados:
reportesDiariosVL/Resumen_20260828.pdf
reportesDiariosVL/Resumen_Dalila_20260828.pdf
reportesDiariosVL/Resumen_Manuel_20260828.pdf
reportesDiariosVL/Resumen_Moises_20260828.pdf
reportesDiariosVL/Resumen_Salvador_20260828.pdf
[main 8fdaf4f] Publicacion de reportes pendientes hasta 20260829
 5 files changed, 921 insertions(+)
 create mode 100644 reportesDiariosVL/Resumen_20260828.pdf
 create mode 100644 reportesDiariosVL/Resumen_Dalila_20260828.pdf
 create mode 100644 reportesDiariosVL/Resumen_Manuel_20260828.pdf
 create mode 100644 reportesDiariosVL/Resumen_Moises_20260828.pdf
 create mode 100644 reportesDiariosVL/Resumen_Salvador_20260828.pdf
To https://github.com/distribucionesviraal-star/reportesMarcadorVL.git
   776de4a..8fdaf4f  main -> main
[29/08/2026  7:00:13.41] EXITO: Reportes publicados en GitHub.
