============================================================
Inicio: 09/09/2026  7:00:07.02
Repositorio: C:\Users\Lenovo\Downloads\reporteD\dashboardGit
Modo: Publicacion de PDF ya generados
============================================================
[09/09/2026  7:00:07.23] Actualizando rama main...
From https://github.com/distribucionesviraal-star/reportesMarcadorVL
 * branch            main       -> FETCH_HEAD
Already up to date.
[09/09/2026  7:00:10.78] PDF totales disponibles: 61
[09/09/2026  7:00:11.34] Preparando cambios Git...
warning: in the working copy of 'reportesDiariosVL/Resumen_20260907.pdf', LF will be replaced by CRLF the next time Git touches it
warning: in the working copy of 'reportesDiariosVL/Resumen_Call_20260907.pdf', LF will be replaced by CRLF the next time Git touches it
warning: in the working copy of 'reportesDiariosVL/Resumen_Dalila_20260907.pdf', LF will be replaced by CRLF the next time Git touches it
warning: in the working copy of 'reportesDiariosVL/Resumen_Elite_20260907.pdf', LF will be replaced by CRLF the next time Git touches it
warning: in the working copy of 'reportesDiariosVL/Resumen_Monterrey_20260907.pdf', LF will be replaced by CRLF the next time Git touches it
[09/09/2026  7:00:12.58] Archivos pendientes detectados:
reportesDiariosVL/Resumen_20260907.pdf
reportesDiariosVL/Resumen_Call_20260907.pdf
reportesDiariosVL/Resumen_Dalila_20260907.pdf
reportesDiariosVL/Resumen_Elite_20260907.pdf
reportesDiariosVL/Resumen_Monterrey_20260907.pdf
[main 4d590ec] Publicacion de reportes pendientes hasta 20260909
 5 files changed, 921 insertions(+)
 create mode 100644 reportesDiariosVL/Resumen_20260907.pdf
 create mode 100644 reportesDiariosVL/Resumen_Call_20260907.pdf
 create mode 100644 reportesDiariosVL/Resumen_Dalila_20260907.pdf
 create mode 100644 reportesDiariosVL/Resumen_Elite_20260907.pdf
 create mode 100644 reportesDiariosVL/Resumen_Monterrey_20260907.pdf
To https://github.com/distribucionesviraal-star/reportesMarcadorVL.git
   f8dc6e5..4d590ec  main -> main
[09/09/2026  7:00:16.29] EXITO: Reportes publicados en GitHub.
