============================================================
Inicio: 09/09/2026 18:09:12.44
Repositorio: C:\Users\Lenovo\Downloads\reporteD\dashboardGit
Modo: Publicacion de PDF ya generados
============================================================
[09/09/2026 18:09:12.80] Actualizando rama main...
From https://github.com/distribucionesviraal-star/reportesMarcadorVL
 * branch            main       -> FETCH_HEAD
Already up to date.
[09/09/2026 18:09:15.81] PDF totales disponibles: 69
[09/09/2026 18:09:16.22] Preparando cambios Git...
warning: in the working copy of 'reportesDiariosVL/Resumen_20260908.pdf', LF will be replaced by CRLF the next time Git touches it
warning: in the working copy of 'reportesDiariosVL/Resumen_Call_20260908.pdf', LF will be replaced by CRLF the next time Git touches it
warning: in the working copy of 'reportesDiariosVL/Resumen_Dalila_20260908.pdf', LF will be replaced by CRLF the next time Git touches it
warning: in the working copy of 'reportesDiariosVL/Resumen_Elite_20260908.pdf', LF will be replaced by CRLF the next time Git touches it
warning: in the working copy of 'reportesDiariosVL/Resumen_Manuel_20260908.pdf', LF will be replaced by CRLF the next time Git touches it
warning: in the working copy of 'reportesDiariosVL/Resumen_Moises_20260908.pdf', LF will be replaced by CRLF the next time Git touches it
warning: in the working copy of 'reportesDiariosVL/Resumen_Monterrey_20260908.pdf', LF will be replaced by CRLF the next time Git touches it
warning: in the working copy of 'reportesDiariosVL/Resumen_Salvador_20260908.pdf', LF will be replaced by CRLF the next time Git touches it
[09/09/2026 18:09:17.61] Archivos pendientes detectados:
reportesDiariosVL/Resumen_20260908.pdf
reportesDiariosVL/Resumen_Call_20260908.pdf
reportesDiariosVL/Resumen_Dalila_20260908.pdf
reportesDiariosVL/Resumen_Elite_20260908.pdf
reportesDiariosVL/Resumen_Manuel_20260908.pdf
reportesDiariosVL/Resumen_Moises_20260908.pdf
reportesDiariosVL/Resumen_Monterrey_20260908.pdf
reportesDiariosVL/Resumen_Salvador_20260908.pdf
[main 2278391] Publicacion de reportes pendientes hasta 20260909
 8 files changed, 1543 insertions(+)
 create mode 100644 reportesDiariosVL/Resumen_20260908.pdf
 create mode 100644 reportesDiariosVL/Resumen_Call_20260908.pdf
 create mode 100644 reportesDiariosVL/Resumen_Dalila_20260908.pdf
 create mode 100644 reportesDiariosVL/Resumen_Elite_20260908.pdf
 create mode 100644 reportesDiariosVL/Resumen_Manuel_20260908.pdf
 create mode 100644 reportesDiariosVL/Resumen_Moises_20260908.pdf
 create mode 100644 reportesDiariosVL/Resumen_Monterrey_20260908.pdf
 create mode 100644 reportesDiariosVL/Resumen_Salvador_20260908.pdf
To https://github.com/distribucionesviraal-star/reportesMarcadorVL.git
   4d590ec..2278391  main -> main
[09/09/2026 18:09:25.55] EXITO: Reportes publicados en GitHub.
