============================================================
Inicio: 04/09/2026  7:00:06.11
Repositorio: C:\Users\Lenovo\Downloads\reporteD\dashboardGit
Modo: Publicacion de PDF ya generados
============================================================
[04/09/2026  7:00:06.31] Actualizando rama main...
From https://github.com/distribucionesviraal-star/reportesMarcadorVL
 * branch            main       -> FETCH_HEAD
Already up to date.
[04/09/2026  7:00:10.35] PDF totales disponibles: 50
[04/09/2026  7:00:10.86] Preparando cambios Git...
warning: in the working copy of 'reportesDiariosVL/Resumen_20260903.pdf', LF will be replaced by CRLF the next time Git touches it
warning: in the working copy of 'reportesDiariosVL/Resumen_Call_20260903.pdf', LF will be replaced by CRLF the next time Git touches it
warning: in the working copy of 'reportesDiariosVL/Resumen_Dalila_20260903.pdf', LF will be replaced by CRLF the next time Git touches it
warning: in the working copy of 'reportesDiariosVL/Resumen_Elite_20260903.pdf', LF will be replaced by CRLF the next time Git touches it
warning: in the working copy of 'reportesDiariosVL/Resumen_Monterrey_20260903.pdf', LF will be replaced by CRLF the next time Git touches it
[04/09/2026  7:00:12.32] Archivos pendientes detectados:
reportesDiariosVL/Resumen_20260903.pdf
reportesDiariosVL/Resumen_Call_20260903.pdf
reportesDiariosVL/Resumen_Dalila_20260903.pdf
reportesDiariosVL/Resumen_Elite_20260903.pdf
reportesDiariosVL/Resumen_Monterrey_20260903.pdf
[main 00a45bd] Publicacion de reportes pendientes hasta 20260904
 5 files changed, 883 insertions(+)
 create mode 100644 reportesDiariosVL/Resumen_20260903.pdf
 create mode 100644 reportesDiariosVL/Resumen_Call_20260903.pdf
 create mode 100644 reportesDiariosVL/Resumen_Dalila_20260903.pdf
 create mode 100644 reportesDiariosVL/Resumen_Elite_20260903.pdf
 create mode 100644 reportesDiariosVL/Resumen_Monterrey_20260903.pdf
To https://github.com/distribucionesviraal-star/reportesMarcadorVL.git
   63d22a9..00a45bd  main -> main
[04/09/2026  7:00:15.68] EXITO: Reportes publicados en GitHub.
