============================================================
Inicio: 24/08/2026 10:59:53.14
Repositorio: C:\Users\Lenovo\Downloads\reporteD\dashboardGit
Modo: Publicacion de PDF ya generados
============================================================
[24/08/2026 10:59:53.33] Actualizando rama main...
From https://github.com/distribucionesviraal-star/reportesMarcadorVL
 * branch            main       -> FETCH_HEAD
Already up to date.
[24/08/2026 10:59:54.49] PDF totales disponibles: 11
[24/08/2026 10:59:54.84] Preparando cambios Git...
warning: in the working copy of 'reportesDiariosVL/Resumen_20260821.pdf', LF will be replaced by CRLF the next time Git touches it
warning: in the working copy of 'reportesDiariosVL/Resumen_Bosques_20260821.pdf', LF will be replaced by CRLF the next time Git touches it
warning: in the working copy of 'reportesDiariosVL/Resumen_Dalila_20260821.pdf', LF will be replaced by CRLF the next time Git touches it
warning: in the working copy of 'reportesDiariosVL/Resumen_Manuel_20260821.pdf', LF will be replaced by CRLF the next time Git touches it
warning: in the working copy of 'reportesDiariosVL/Resumen_Monterrey_20260821.pdf', LF will be replaced by CRLF the next time Git touches it
warning: in the working copy of 'reportesDiariosVL/Resumen_Salvador_20260821.pdf', LF will be replaced by CRLF the next time Git touches it
warning: in the working copy of 'reportesDiariosVL/Resumen_Sulivan_20260821.pdf', LF will be replaced by CRLF the next time Git touches it
[24/08/2026 10:59:56.79] Archivos pendientes detectados:
reportesDiariosVL/Resumen_20260821.pdf
reportesDiariosVL/Resumen_Bosques_20260821.pdf
reportesDiariosVL/Resumen_Dalila_20260821.pdf
reportesDiariosVL/Resumen_Manuel_20260821.pdf
reportesDiariosVL/Resumen_Monterrey_20260821.pdf
reportesDiariosVL/Resumen_Salvador_20260821.pdf
reportesDiariosVL/Resumen_Sulivan_20260821.pdf
[main 75f4e27] Publicacion de reportes pendientes hasta 20260824
 7 files changed, 880 insertions(+)
 create mode 100644 reportesDiariosVL/Resumen_20260821.pdf
 create mode 100644 reportesDiariosVL/Resumen_Bosques_20260821.pdf
 create mode 100644 reportesDiariosVL/Resumen_Dalila_20260821.pdf
 create mode 100644 reportesDiariosVL/Resumen_Manuel_20260821.pdf
 create mode 100644 reportesDiariosVL/Resumen_Monterrey_20260821.pdf
 create mode 100644 reportesDiariosVL/Resumen_Salvador_20260821.pdf
 create mode 100644 reportesDiariosVL/Resumen_Sulivan_20260821.pdf
To https://github.com/distribucionesviraal-star/reportesMarcadorVL.git
   8cd24b8..75f4e27  main -> main
[24/08/2026 10:59:59.69] EXITO: Reportes publicados en GitHub.
