============================================================
Inicio: 24/08/2026 10:17:13.39
Repositorio: C:\Users\Lenovo\Downloads\reporteD\dashboardGit
Script: C:\Users\Lenovo\Downloads\reporteD\dashboardGit\dashBoardDiario_Streamlit_MultiReporte.py
============================================================
[24/08/2026 10:17:13.88] Actualizando rama main...
From https://github.com/distribucionesviraal-star/reportesMarcadorVL
 * branch            main       -> FETCH_HEAD
Already up to date.
[24/08/2026 10:17:14.66] Ejecutando generador de reportes...
2026-08-24 10:17:18.091 WARNING streamlit.runtime.scriptrunner_utils.script_run_context: Thread 'MainThread': missing ScriptRunContext! This warning can be ignored when running in bare mode.
2026-08-24 10:17:18.092 WARNING streamlit.runtime.scriptrunner_utils.script_run_context: Thread 'MainThread': missing ScriptRunContext! This warning can be ignored when running in bare mode.
2026-08-24 10:17:18.092 WARNING streamlit.runtime.scriptrunner_utils.script_run_context: Thread 'MainThread': missing ScriptRunContext! This warning can be ignored when running in bare mode.
2026-08-24 10:17:18.099 WARNING streamlit.runtime.scriptrunner_utils.script_run_context: Thread 'MainThread': missing ScriptRunContext! This warning can be ignored when running in bare mode.
2026-08-24 10:17:18.099 WARNING streamlit.runtime.state.session_state_proxy: Session state does not function when running a script without `streamlit run`
2026-08-24 10:17:18.099 WARNING streamlit.runtime.scriptrunner_utils.script_run_context: Thread 'MainThread': missing ScriptRunContext! This warning can be ignored when running in bare mode.
2026-08-24 10:17:18.429 
  [33m[1mWarning:[0m to view this Streamlit app on a browser, run it with the following
  command:

    streamlit run C:\Users\Lenovo\Downloads\reporteD\dashboardGit\dashBoardDiario_Streamlit_MultiReporte.py [ARGUMENTS]
2026-08-24 10:17:18.429 Thread 'MainThread': missing ScriptRunContext! This warning can be ignored when running in bare mode.
2026-08-24 10:17:18.429 Thread 'MainThread': missing ScriptRunContext! This warning can be ignored when running in bare mode.
2026-08-24 10:17:18.430 Thread 'MainThread': missing ScriptRunContext! This warning can be ignored when running in bare mode.
2026-08-24 10:17:18.430 Thread 'MainThread': missing ScriptRunContext! This warning can be ignored when running in bare mode.
2026-08-24 10:17:18.430 Thread 'MainThread': missing ScriptRunContext! This warning can be ignored when running in bare mode.
2026-08-24 10:17:18.430 Thread 'MainThread': missing ScriptRunContext! This warning can be ignored when running in bare mode.
2026-08-24 10:17:18.430 Thread 'MainThread': missing ScriptRunContext! This warning can be ignored when running in bare mode.
2026-08-24 10:17:18.430 Thread 'MainThread': missing ScriptRunContext! This warning can be ignored when running in bare mode.
2026-08-24 10:17:18.430 Thread 'MainThread': missing ScriptRunContext! This warning can be ignored when running in bare mode.
2026-08-24 10:17:18.431 Thread 'MainThread': missing ScriptRunContext! This warning can be ignored when running in bare mode.
2026-08-24 10:17:18.431 Thread 'MainThread': missing ScriptRunContext! This warning can be ignored when running in bare mode.
2026-08-24 10:17:18.431 Thread 'MainThread': missing ScriptRunContext! This warning can be ignored when running in bare mode.
2026-08-24 10:17:18.431 Thread 'MainThread': missing ScriptRunContext! This warning can be ignored when running in bare mode.
2026-08-24 10:17:18.534 Thread 'MainThread': missing ScriptRunContext! This warning can be ignored when running in bare mode.
2026-08-24 10:17:18.534 Thread 'MainThread': missing ScriptRunContext! This warning can be ignored when running in bare mode.
2026-08-24 10:17:18.534 Thread 'MainThread': missing ScriptRunContext! This warning can be ignored when running in bare mode.
2026-08-24 10:17:18.534 Thread 'MainThread': missing ScriptRunContext! This warning can be ignored when running in bare mode.
2026-08-24 10:17:18.534 Thread 'MainThread': missing ScriptRunContext! This warning can be ignored when running in bare mode.
2026-08-24 10:17:18.534 Thread 'MainThread': missing ScriptRunContext! This warning can be ignored when running in bare mode.
2026-08-24 10:17:18.534 Thread 'MainThread': missing ScriptRunContext! This warning can be ignored when running in bare mode.
2026-08-24 10:17:18.534 Thread 'MainThread': missing ScriptRunContext! This warning can be ignored when running in bare mode.
2026-08-24 10:17:18.534 Thread 'MainThread': missing ScriptRunContext! This warning can be ignored when running in bare mode.
2026-08-24 10:17:18.534 Thread 'MainThread': missing ScriptRunContext! This warning can be ignored when running in bare mode.
2026-08-24 10:17:18.535 Thread 'MainThread': missing ScriptRunContext! This warning can be ignored when running in bare mode.
2026-08-24 10:17:18.535 Thread 'MainThread': missing ScriptRunContext! This warning can be ignored when running in bare mode.
2026-08-24 10:17:18.535 Thread 'MainThread': missing ScriptRunContext! This warning can be ignored when running in bare mode.
2026-08-24 10:17:18.535 Thread 'MainThread': missing ScriptRunContext! This warning can be ignored when running in bare mode.
2026-08-24 10:17:18.535 Thread 'MainThread': missing ScriptRunContext! This warning can be ignored when running in bare mode.
2026-08-24 10:17:18.535 Thread 'MainThread': missing ScriptRunContext! This warning can be ignored when running in bare mode.
2026-08-24 10:17:18.535 Thread 'MainThread': missing ScriptRunContext! This warning can be ignored when running in bare mode.
2026-08-24 10:17:18.535 Thread 'MainThread': missing ScriptRunContext! This warning can be ignored when running in bare mode.
2026-08-24 10:17:18.535 Thread 'MainThread': missing ScriptRunContext! This warning can be ignored when running in bare mode.
2026-08-24 10:17:18.535 Thread 'MainThread': missing ScriptRunContext! This warning can be ignored when running in bare mode.
2026-08-24 10:17:18.535 Thread 'MainThread': missing ScriptRunContext! This warning can be ignored when running in bare mode.
2026-08-24 10:17:18.535 Thread 'MainThread': missing ScriptRunContext! This warning can be ignored when running in bare mode.
2026-08-24 10:17:18.535 Thread 'MainThread': missing ScriptRunContext! This warning can be ignored when running in bare mode.
2026-08-24 10:17:18.535 Thread 'MainThread': missing ScriptRunContext! This warning can be ignored when running in bare mode.
2026-08-24 10:17:18.535 Thread 'MainThread': missing ScriptRunContext! This warning can be ignored when running in bare mode.
2026-08-24 10:17:18.535 Thread 'MainThread': missing ScriptRunContext! This warning can be ignored when running in bare mode.
2026-08-24 10:17:18.536 Thread 'MainThread': missing ScriptRunContext! This warning can be ignored when running in bare mode.
2026-08-24 10:17:18.536 Thread 'MainThread': missing ScriptRunContext! This warning can be ignored when running in bare mode.
2026-08-24 10:17:18.536 Thread 'MainThread': missing ScriptRunContext! This warning can be ignored when running in bare mode.
2026-08-24 10:17:18.536 Thread 'MainThread': missing ScriptRunContext! This warning can be ignored when running in bare mode.
2026-08-24 10:17:18.536 Thread 'MainThread': missing ScriptRunContext! This warning can be ignored when running in bare mode.
2026-08-24 10:17:18.536 Thread 'MainThread': missing ScriptRunContext! This warning can be ignored when running in bare mode.
2026-08-24 10:17:18.537 Thread 'MainThread': missing ScriptRunContext! This warning can be ignored when running in bare mode.
2026-08-24 10:17:18.537 Thread 'MainThread': missing ScriptRunContext! This warning can be ignored when running in bare mode.
2026-08-24 10:17:18.537 Thread 'MainThread': missing ScriptRunContext! This warning can be ignored when running in bare mode.
2026-08-24 10:17:18.537 Thread 'MainThread': missing ScriptRunContext! This warning can be ignored when running in bare mode.
2026-08-24 10:17:18.537 Thread 'MainThread': missing ScriptRunContext! This warning can be ignored when running in bare mode.
2026-08-24 10:17:18.537 Thread 'MainThread': missing ScriptRunContext! This warning can be ignored when running in bare mode.
2026-08-24 10:17:18.537 Thread 'MainThread': missing ScriptRunContext! This warning can be ignored when running in bare mode.
2026-08-24 10:17:18.537 Thread 'MainThread': missing ScriptRunContext! This warning can be ignored when running in bare mode.
2026-08-24 10:17:18.537 Thread 'MainThread': missing ScriptRunContext! This warning can be ignored when running in bare mode.
2026-08-24 10:17:18.537 Thread 'MainThread': missing ScriptRunContext! This warning can be ignored when running in bare mode.
2026-08-24 10:17:18.537 Thread 'MainThread': missing ScriptRunContext! This warning can be ignored when running in bare mode.
2026-08-24 10:17:18.537 Thread 'MainThread': missing ScriptRunContext! This warning can be ignored when running in bare mode.
2026-08-24 10:17:18.537 Thread 'MainThread': missing ScriptRunContext! This warning can be ignored when running in bare mode.
2026-08-24 10:17:18.537 Thread 'MainThread': missing ScriptRunContext! This warning can be ignored when running in bare mode.
2026-08-24 10:17:18.538 Thread 'MainThread': missing ScriptRunContext! This warning can be ignored when running in bare mode.
2026-08-24 10:17:18.538 Thread 'MainThread': missing ScriptRunContext! This warning can be ignored when running in bare mode.
2026-08-24 10:17:18.538 Thread 'MainThread': missing ScriptRunContext! This warning can be ignored when running in bare mode.
2026-08-24 10:17:18.538 Thread 'MainThread': missing ScriptRunContext! This warning can be ignored when running in bare mode.
2026-08-24 10:17:18.538 Thread 'MainThread': missing ScriptRunContext! This warning can be ignored when running in bare mode.
2026-08-24 10:17:18.538 Thread 'MainThread': missing ScriptRunContext! This warning can be ignored when running in bare mode.
2026-08-24 10:17:18.538 Thread 'MainThread': missing ScriptRunContext! This warning can be ignored when running in bare mode.
2026-08-24 10:17:18.538 Thread 'MainThread': missing ScriptRunContext! This warning can be ignored when running in bare mode.
2026-08-24 10:17:18.538 Thread 'MainThread': missing ScriptRunContext! This warning can be ignored when running in bare mode.
2026-08-24 10:17:18.538 Thread 'MainThread': missing ScriptRunContext! This warning can be ignored when running in bare mode.
2026-08-24 10:17:18.538 Thread 'MainThread': missing ScriptRunContext! This warning can be ignored when running in bare mode.
2026-08-24 10:17:18.538 Thread 'MainThread': missing ScriptRunContext! This warning can be ignored when running in bare mode.
2026-08-24 10:17:18.538 Thread 'MainThread': missing ScriptRunContext! This warning can be ignored when running in bare mode.
2026-08-24 10:17:18.538 Thread 'MainThread': missing ScriptRunContext! This warning can be ignored when running in bare mode.
2026-08-24 10:17:18.538 Thread 'MainThread': missing ScriptRunContext! This warning can be ignored when running in bare mode.
2026-08-24 10:17:18.538 Thread 'MainThread': missing ScriptRunContext! This warning can be ignored when running in bare mode.
2026-08-24 10:17:18.539 Thread 'MainThread': missing ScriptRunContext! This warning can be ignored when running in bare mode.
2026-08-24 10:17:18.539 Thread 'MainThread': missing ScriptRunContext! This warning can be ignored when running in bare mode.
2026-08-24 10:17:18.539 Thread 'MainThread': missing ScriptRunContext! This warning can be ignored when running in bare mode.
2026-08-24 10:17:18.539 Thread 'MainThread': missing ScriptRunContext! This warning can be ignored when running in bare mode.
2026-08-24 10:17:18.539 Thread 'MainThread': missing ScriptRunContext! This warning can be ignored when running in bare mode.
2026-08-24 10:17:18.539 Thread 'MainThread': missing ScriptRunContext! This warning can be ignored when running in bare mode.
2026-08-24 10:17:18.539 Thread 'MainThread': missing ScriptRunContext! This warning can be ignored when running in bare mode.
2026-08-24 10:17:18.539 Thread 'MainThread': missing ScriptRunContext! This warning can be ignored when running in bare mode.
2026-08-24 10:17:18.539 Thread 'MainThread': missing ScriptRunContext! This warning can be ignored when running in bare mode.
2026-08-24 10:17:18.539 Thread 'MainThread': missing ScriptRunContext! This warning can be ignored when running in bare mode.
2026-08-24 10:17:18.539 Thread 'MainThread': missing ScriptRunContext! This warning can be ignored when running in bare mode.
2026-08-24 10:17:18.539 Thread 'MainThread': missing ScriptRunContext! This warning can be ignored when running in bare mode.
2026-08-24 10:17:18.539 Thread 'MainThread': missing ScriptRunContext! This warning can be ignored when running in bare mode.
2026-08-24 10:17:18.539 Thread 'MainThread': missing ScriptRunContext! This warning can be ignored when running in bare mode.
2026-08-24 10:17:18.539 Thread 'MainThread': missing ScriptRunContext! This warning can be ignored when running in bare mode.
2026-08-24 10:17:18.539 Thread 'MainThread': missing ScriptRunContext! This warning can be ignored when running in bare mode.
2026-08-24 10:17:18.539 Thread 'MainThread': missing ScriptRunContext! This warning can be ignored when running in bare mode.
2026-08-24 10:17:18.540 Thread 'MainThread': missing ScriptRunContext! This warning can be ignored when running in bare mode.
2026-08-24 10:17:18.540 Thread 'MainThread': missing ScriptRunContext! This warning can be ignored when running in bare mode.
2026-08-24 10:17:18.540 Thread 'MainThread': missing ScriptRunContext! This warning can be ignored when running in bare mode.
2026-08-24 10:17:18.540 Thread 'MainThread': missing ScriptRunContext! This warning can be ignored when running in bare mode.
2026-08-24 10:17:18.540 Thread 'MainThread': missing ScriptRunContext! This warning can be ignored when running in bare mode.
2026-08-24 10:17:18.540 Thread 'MainThread': missing ScriptRunContext! This warning can be ignored when running in bare mode.
2026-08-24 10:17:18.540 Thread 'MainThread': missing ScriptRunContext! This warning can be ignored when running in bare mode.
2026-08-24 10:17:18.540 Thread 'MainThread': missing ScriptRunContext! This warning can be ignored when running in bare mode.
2026-08-24 10:17:18.540 Thread 'MainThread': missing ScriptRunContext! This warning can be ignored when running in bare mode.
2026-08-24 10:17:18.540 Thread 'MainThread': missing ScriptRunContext! This warning can be ignored when running in bare mode.
2026-08-24 10:17:18.540 Thread 'MainThread': missing ScriptRunContext! This warning can be ignored when running in bare mode.
2026-08-24 10:17:18.540 Thread 'MainThread': missing ScriptRunContext! This warning can be ignored when running in bare mode.
2026-08-24 10:17:18.540 Thread 'MainThread': missing ScriptRunContext! This warning can be ignored when running in bare mode.
2026-08-24 10:17:18.540 Thread 'MainThread': missing ScriptRunContext! This warning can be ignored when running in bare mode.
2026-08-24 10:17:18.540 Thread 'MainThread': missing ScriptRunContext! This warning can be ignored when running in bare mode.
2026-08-24 10:17:18.540 Thread 'MainThread': missing ScriptRunContext! This warning can be ignored when running in bare mode.
2026-08-24 10:17:18.541 Thread 'MainThread': missing ScriptRunContext! This warning can be ignored when running in bare mode.
2026-08-24 10:17:18.560 Please replace `use_container_width` with `width`.

`use_container_width` will be removed after 2025-12-31.

For `use_container_width=True`, use `width='stretch'`. For `use_container_width=False`, use `width='content'`.
2026-08-24 10:17:18.565 Thread 'MainThread': missing ScriptRunContext! This warning can be ignored when running in bare mode.
2026-08-24 10:17:18.565 Thread 'MainThread': missing ScriptRunContext! This warning can be ignored when running in bare mode.
2026-08-24 10:17:18.565 Thread 'MainThread': missing ScriptRunContext! This warning can be ignored when running in bare mode.
2026-08-24 10:17:18.566 Thread 'MainThread': missing ScriptRunContext! This warning can be ignored when running in bare mode.
2026-08-24 10:17:18.566 Thread 'MainThread': missing ScriptRunContext! This warning can be ignored when running in bare mode.
2026-08-24 10:17:18.566 Thread 'MainThread': missing ScriptRunContext! This warning can be ignored when running in bare mode.
2026-08-24 10:17:18.566 Thread 'MainThread': missing ScriptRunContext! This warning can be ignored when running in bare mode.
2026-08-24 10:17:18.566 Thread 'MainThread': missing ScriptRunContext! This warning can be ignored when running in bare mode.
2026-08-24 10:17:18.566 Thread 'MainThread': missing ScriptRunContext! This warning can be ignored when running in bare mode.
2026-08-24 10:17:18.566 Thread 'MainThread': missing ScriptRunContext! This warning can be ignored when running in bare mode.
2026-08-24 10:17:18.566 Thread 'MainThread': missing ScriptRunContext! This warning can be ignored when running in bare mode.
2026-08-24 10:17:18.755 Please replace `use_container_width` with `width`.

`use_container_width` will be removed after 2025-12-31.

For `use_container_width=True`, use `width='stretch'`. For `use_container_width=False`, use `width='content'`.
2026-08-24 10:17:18.758 Thread 'MainThread': missing ScriptRunContext! This warning can be ignored when running in bare mode.
2026-08-24 10:17:18.758 Thread 'MainThread': missing ScriptRunContext! This warning can be ignored when running in bare mode.
2026-08-24 10:17:18.758 Thread 'MainThread': missing ScriptRunContext! This warning can be ignored when running in bare mode.
2026-08-24 10:17:18.759 Thread 'MainThread': missing ScriptRunContext! This warning can be ignored when running in bare mode.
2026-08-24 10:17:18.759 Thread 'MainThread': missing ScriptRunContext! This warning can be ignored when running in bare mode.
2026-08-24 10:17:18.759 Thread 'MainThread': missing ScriptRunContext! This warning can be ignored when running in bare mode.
2026-08-24 10:17:18.759 Thread 'MainThread': missing ScriptRunContext! This warning can be ignored when running in bare mode.
2026-08-24 10:17:18.759 Thread 'MainThread': missing ScriptRunContext! This warning can be ignored when running in bare mode.
2026-08-24 10:17:18.812 Please replace `use_container_width` with `width`.

`use_container_width` will be removed after 2025-12-31.

For `use_container_width=True`, use `width='stretch'`. For `use_container_width=False`, use `width='content'`.
2026-08-24 10:17:18.813 Thread 'MainThread': missing ScriptRunContext! This warning can be ignored when running in bare mode.
2026-08-24 10:17:18.813 Thread 'MainThread': missing ScriptRunContext! This warning can be ignored when running in bare mode.
2026-08-24 10:17:18.814 Thread 'MainThread': missing ScriptRunContext! This warning can be ignored when running in bare mode.
2026-08-24 10:17:18.814 Thread 'MainThread': missing ScriptRunContext! This warning can be ignored when running in bare mode.
2026-08-24 10:17:18.814 Thread 'MainThread': missing ScriptRunContext! This warning can be ignored when running in bare mode.
2026-08-24 10:17:18.814 Thread 'MainThread': missing ScriptRunContext! This warning can be ignored when running in bare mode.
2026-08-24 10:17:18.814 Thread 'MainThread': missing ScriptRunContext! This warning can be ignored when running in bare mode.
2026-08-24 10:17:18.814 Thread 'MainThread': missing ScriptRunContext! This warning can be ignored when running in bare mode.
2026-08-24 10:17:18.814 Thread 'MainThread': missing ScriptRunContext! This warning can be ignored when running in bare mode.
2026-08-24 10:17:18.814 Thread 'MainThread': missing ScriptRunContext! This warning can be ignored when running in bare mode.
2026-08-24 10:17:18.814 Thread 'MainThread': missing ScriptRunContext! This warning can be ignored when running in bare mode.
2026-08-24 10:17:18.814 Please replace `use_container_width` with `width`.

`use_container_width` will be removed after 2025-12-31.

For `use_container_width=True`, use `width='stretch'`. For `use_container_width=False`, use `width='content'`.
2026-08-24 10:17:18.839 Thread 'MainThread': missing ScriptRunContext! This warning can be ignored when running in bare mode.
2026-08-24 10:17:18.839 Thread 'MainThread': missing ScriptRunContext! This warning can be ignored when running in bare mode.
2026-08-24 10:17:18.839 Thread 'MainThread': missing ScriptRunContext! This warning can be ignored when running in bare mode.
2026-08-24 10:17:18.839 Thread 'MainThread': missing ScriptRunContext! This warning can be ignored when running in bare mode.
2026-08-24 10:17:18.879 Please replace `use_container_width` with `width`.

`use_container_width` will be removed after 2025-12-31.

For `use_container_width=True`, use `width='stretch'`. For `use_container_width=False`, use `width='content'`.
2026-08-24 10:17:18.880 Thread 'MainThread': missing ScriptRunContext! This warning can be ignored when running in bare mode.
2026-08-24 10:17:18.880 Thread 'MainThread': missing ScriptRunContext! This warning can be ignored when running in bare mode.
2026-08-24 10:17:18.880 Thread 'MainThread': missing ScriptRunContext! This warning can be ignored when running in bare mode.
2026-08-24 10:17:18.880 Thread 'MainThread': missing ScriptRunContext! This warning can be ignored when running in bare mode.
2026-08-24 10:17:18.880 Thread 'MainThread': missing ScriptRunContext! This warning can be ignored when running in bare mode.
2026-08-24 10:17:18.881 Thread 'MainThread': missing ScriptRunContext! This warning can be ignored when running in bare mode.
2026-08-24 10:17:18.882 Please replace `use_container_width` with `width`.

`use_container_width` will be removed after 2025-12-31.

For `use_container_width=True`, use `width='stretch'`. For `use_container_width=False`, use `width='content'`.
2026-08-24 10:17:18.882 Thread 'MainThread': missing ScriptRunContext! This warning can be ignored when running in bare mode.
2026-08-24 10:17:18.882 Thread 'MainThread': missing ScriptRunContext! This warning can be ignored when running in bare mode.
2026-08-24 10:17:18.882 Thread 'MainThread': missing ScriptRunContext! This warning can be ignored when running in bare mode.
2026-08-24 10:17:18.882 Thread 'MainThread': missing ScriptRunContext! This warning can be ignored when running in bare mode.
[24/08/2026 10:17:20.41] ERROR: No se genero el minimo esperado de PDF.
Fin: 24/08/2026 10:17:20.42 - Codigo: 32
